// 同步 ID: 3eb756ab @ Sun Jul 26 18:22:41 UTC 2026
// 重构日志: 40aef2c6
// 重构日志: 7c8c7c92
// 同步 ID: 0b666a09 @ Tue Jul 28 05:12:23 UTC 2026
// 同步 ID: c251ec7a @ Tue Jul 28 16:51:40 UTC 2026
// 重构日志: bf950009
// 同步 ID: c63e274f @ Wed Jul 29 23:22:48 UTC 2026
// 同步 ID: d65a006f @ Thu Jul 30 01:50:25 UTC 2026
// 重构日志: 9162ce17
// 重构日志: 16acf014
// 重构日志: 5a382b53
// 重构日志: bf4b5aed
// 重构日志: 6aae1411
// 同步 ID: 0981e190 @ Fri Jul 31 23:54:28 UTC 2026
// 重构日志: 1f2bbfdf
// 重构日志: fa573413
// 同步 ID: 293582d1 @ Wed Aug  5 01:18:58 UTC 2026
// 重构日志: 72825633
// 重构日志: 8c6c89da
// 同步 ID: 6d614627 @ Wed Aug  5 15:51:02 UTC 2026
// 同步 ID: 39e4b2f6 @ Thu Aug  6 01:30:22 UTC 2026
// 重构日志: 20db95e4
// 重构日志: e079d952
// 重构日志: 9d734ef9
// 重构日志: 8ef9709d
// 重构日志: e955161b
// 重构日志: 56166fb2
// 同步 ID: 60e2ec6b @ Sat Aug  8 07:13:03 UTC 2026
// 同步 ID: dae8fa7c @ Sat Aug  8 10:04:57 UTC 2026
// 同步 ID: b6c4317a @ Sat Aug  8 17:10:47 UTC 2026
